{
  "id": "newCommand",
  "input": {
    "value": {
      "prop3": "value"
    }
  }
}