{
  "type": "productConfigurationRequestFrame",
  "payload": {
    "transmissionPeriodOfTheStatusPeriod": {
      "prop1": 10,
      "prop2": {
        "prop3": "value"
      }
    }
  }
}