{
  "prop1": 10,
  "prop2": {
    "prop3": "value"
  },
  "type": "Thanos was right"
}