{
  "id": "myDeviceCommand",
  "input":{
    "value": {
      "prop3": "value"
    }
  }
}