{
  "type": "defaultFrame",
  "payload": {
    "prop1": 10,
    "prop2": {
      "prop3": "value"
    }
  }
}